
sathyaa@HOME MINGW64 ~/Desktop/dd/myFirstRepository (master)
$ git init
Initialized empty Git repository in C:/Users/sathyaa/Desktop/dd/myFirstRepository/.git/

sathyaa@HOME MINGW64 ~/Desktop/dd/myFirstRepository (master)
$ git remote origin git@github.com:sathya-1994/myFirstRepository.git
error: Unknown subcommand: origin
usage: git remote [-v | --verbose]
   or: git remote add [-t <branch>] [-m <master>] [-f] [--tags | --no-tags] [--mirror=<fetch|push>] <name> <url>
   or: git remote rename <old> <new>
   or: git remote remove <name>
   or: git remote set-head <name> (-a | --auto | -d | --delete | <branch>)
   or: git remote [-v | --verbose] show [-n] <name>
   or: git remote prune [-n | --dry-run] <name>
   or: git remote [-v | --verbose] update [-p | --prune] [(<group> | <remote>)...]
   or: git remote set-branches [--add] <name> <branch>...
   or: git remote get-url [--push] [--all] <name>
   or: git remote set-url [--push] <name> <newurl> [<oldurl>]
   or: git remote set-url --add <name> <newurl>
   or: git remote set-url --delete <name> <url>

    -v, --verbose         be verbose; must be placed before a subcommand


sathyaa@HOME MINGW64 ~/Desktop/dd/myFirstRepository (master)
$ git remote origin "git@github.com:sathya-1994/myFirstRepository.git"
error: Unknown subcommand: origin
usage: git remote [-v | --verbose]
   or: git remote add [-t <branch>] [-m <master>] [-f] [--tags | --no-tags] [--mirror=<fetch|push>] <name> <url>
   or: git remote rename <old> <new>
   or: git remote remove <name>
   or: git remote set-head <name> (-a | --auto | -d | --delete | <branch>)
   or: git remote [-v | --verbose] show [-n] <name>
   or: git remote prune [-n | --dry-run] <name>
   or: git remote [-v | --verbose] update [-p | --prune] [(<group> | <remote>)...]
   or: git remote set-branches [--add] <name> <branch>...
   or: git remote get-url [--push] [--all] <name>
   or: git remote set-url [--push] <name> <newurl> [<oldurl>]
   or: git remote set-url --add <name> <newurl>
   or: git remote set-url --delete <name> <url>

    -v, --verbose         be verbose; must be placed before a subcommand


sathyaa@HOME MINGW64 ~/Desktop/dd/myFirstRepository (master)
$ git remote add origin "git@github.com:sathya-1994/myFirstRepository.git"

sathyaa@HOME MINGW64 ~/Desktop/dd/myFirstRepository (master)
$ git pull
remote: Enumerating objects: 30, done.
remote: Counting objects: 100% (30/30), done.
remote: Compressing objects: 100% (12/12), done.
remote: Total 30 (delta 5), reused 27 (delta 5), pack-reused 0
Unpacking objects: 100% (30/30), done.
From github.com:sathya-1994/myFirstRepository
 * [new branch]      firstbranch -> origin/firstbranch
 * [new branch]      master      -> origin/master
There is no tracking information for the current branch.
Please specify which branch you want to merge with.
See git-pull(1) for details.

    git pull <remote> <branch>

If you wish to set tracking information for this branch you can do so with:

    git branch --set-upstream-to=origin/<branch> master


sathyaa@HOME MINGW64 ~/Desktop/dd/myFirstRepository (master)
$ ls

sathyaa@HOME MINGW64 ~/Desktop/dd/myFirstRepository (master)
$ git pull
There is no tracking information for the current branch.
Please specify which branch you want to merge with.
See git-pull(1) for details.

    git pull <remote> <branch>

If you wish to set tracking information for this branch you can do so with:

    git branch --set-upstream-to=origin/<branch> master


sathyaa@HOME MINGW64 ~/Desktop/dd/myFirstRepository (master)
$ git pull orgin master
fatal: 'orgin' does not appear to be a git repository
fatal: Could not read from remote repository.

Please make sure you have the correct access rights
and the repository exists.

sathyaa@HOME MINGW64 ~/Desktop/dd/myFirstRepository (master)
$ git pull origin master
Warning: Permanently added the RSA host key for IP address '13.234.176.102' to the list of known hosts.
From github.com:sathya-1994/myFirstRepository
 * branch            master     -> FETCH_HEAD

sathyaa@HOME MINGW64 ~/Desktop/dd/myFirstRepository (master)
$ git status
On branch master
Changes not staged for commit:
  (use "git add <file>..." to update what will be committed)
  (use "git restore <file>..." to discard changes in working directory)
        modified:   edit4.txt

no changes added to commit (use "git add" and/or "git commit -a")

sathyaa@HOME MINGW64 ~/Desktop/dd/myFirstRepository (master)
$ git add -A

sathyaa@HOME MINGW64 ~/Desktop/dd/myFirstRepository (master)
$ git commit -m "Edited edit4"
[master b873f07] Edited edit4
 1 file changed, 1 insertion(+), 1 deletion(-)

sathyaa@HOME MINGW64 ~/Desktop/dd/myFirstRepository (master)
$ git push origin master
Enumerating objects: 5, done.
Counting objects: 100% (5/5), done.
Delta compression using up to 4 threads
Compressing objects: 100% (2/2), done.
Writing objects: 100% (3/3), 306 bytes | 102.00 KiB/s, done.
Total 3 (delta 1), reused 0 (delta 0)
remote: Resolving deltas: 100% (1/1), completed with 1 local object.
To github.com:sathya-1994/myFirstRepository.git
   0af1cf9..b873f07  master -> master

sathyaa@HOME MINGW64 ~/Desktop/dd/myFirstRepository (master)
$ git status
On branch master
nothing to commit, working tree clean

sathyaa@HOME MINGW64 ~/Desktop/dd/myFirstRepository (master)
$ git status
On branch master
Changes not staged for commit:
  (use "git add <file>..." to update what will be committed)
  (use "git restore <file>..." to discard changes in working directory)
        modified:   edit6.txt

no changes added to commit (use "git add" and/or "git commit -a")

sathyaa@HOME MINGW64 ~/Desktop/dd/myFirstRepository (master)
$ git add _a
fatal: pathspec '_a' did not match any files

sathyaa@HOME MINGW64 ~/Desktop/dd/myFirstRepository (master)
$ git add -A

sathyaa@HOME MINGW64 ~/Desktop/dd/myFirstRepository (master)
$ git commit -m "Edited edit6"
[master 9f3dad5] Edited edit6
 1 file changed, 1 insertion(+)

sathyaa@HOME MINGW64 ~/Desktop/dd/myFirstRepository (master)
$ git push origin master
git@github.com: Permission denied (publickey).
fatal: Could not read from remote repository.

Please make sure you have the correct access rights
and the repository exists.

sathyaa@HOME MINGW64 ~/Desktop/dd/myFirstRepository (master)
$ git push origin master
Enumerating objects: 5, done.
Counting objects: 100% (5/5), done.
Delta compression using up to 4 threads
Compressing objects: 100% (2/2), done.
Writing objects: 100% (3/3), 300 bytes | 100.00 KiB/s, done.
Total 3 (delta 1), reused 0 (delta 0)
remote: Resolving deltas: 100% (1/1), completed with 1 local object.
To github.com:sathya-1994/myFirstRepository.git
   b873f07..9f3dad5  master -> master

sathyaa@HOME MINGW64 ~/Desktop/dd/myFirstRepository (master)
$ git push origin master
git@github.com: Permission denied (publickey).
fatal: Could not read from remote repository.

Please make sure you have the correct access rights
and the repository exists.

sathyaa@HOME MINGW64 ~/Desktop/dd/myFirstRepository (master)
$ git push origin master
Everything up-to-date

sathyaa@HOME MINGW64 ~/Desktop/dd/myFirstRepository (master)
$ git status
On branch master
Untracked files:
  (use "git add <file>..." to include in what will be committed)
        Git Example to add SSH Key.txt

nothing added to commit but untracked files present (use "git add" to track)

sathyaa@HOME MINGW64 ~/Desktop/dd/myFirstRepository (master)
$ git add -A

sathyaa@HOME MINGW64 ~/Desktop/dd/myFirstRepository (master)
$ git commit -m "Steps to add SSH key to git account"
[master 9a31b9d] Steps to add SSH key to git account
 1 file changed, 146 insertions(+)
 create mode 100644 Git Example to add SSH Key.txt

sathyaa@HOME MINGW64 ~/Desktop/dd/myFirstRepository (master)
$ git push origin master
Enumerating objects: 4, done.
Counting objects: 100% (4/4), done.
Delta compression using up to 4 threads
Compressing objects: 100% (3/3), done.
Writing objects: 100% (3/3), 1.53 KiB | 392.00 KiB/s, done.
Total 3 (delta 1), reused 0 (delta 0)
remote: Resolving deltas: 100% (1/1), completed with 1 local object.
To github.com:sathya-1994/myFirstRepository.git
   9f3dad5..9a31b9d  master -> master

sathyaa@HOME MINGW64 ~/Desktop/dd/myFirstRepository (master)
