
sathyaa@HOME MINGW64 /c/git_work (master)
$ git commit -m "Edit1 adding to repo"

*** Please tell me who you are.

Run

  git config --global user.email "you@example.com"
  git config --global user.name "Your Name"

to set your account's default identity.
Omit --global to set the identity only in this repository.

fatal: unable to auto-detect email address (got 'sathyaa@HOME.(none)')

sathyaa@HOME MINGW64 /c/git_work (master)
$ git log
commit 73f46bea6aa69c8808a5a8180e9126b3b3e98ed3 (HEAD -> master, origin/master)
Author: sathya-1994 <59145404+sathya-1994@users.noreply.github.com>
Date:   Sun Dec 22 22:56:14 2019 +0530

    Initial commit

sathyaa@HOME MINGW64 /c/git_work (master)
$ git config --global user.email "you@example.com"^C

sathyaa@HOME MINGW64 /c/git_work (master)
$ ^C

sathyaa@HOME MINGW64 /c/git_work (master)
$ git config --global user.email "sathya-1994@users.noreply.github.com"

sathyaa@HOME MINGW64 /c/git_work (master)
$ git commit -m "Edit1 adding to repo"
[master a06c6ed] Edit1 adding to repo
 1 file changed, 1 insertion(+)
 create mode 100644 edit1.txt

sathyaa@HOME MINGW64 /c/git_work (master)
$ git status
On branch master
Changes not staged for commit:
  (use "git add <file>..." to update what will be committed)
  (use "git restore <file>..." to discard changes in working directory)
        modified:   README.md

Untracked files:
  (use "git add <file>..." to include in what will be committed)
        edit2.txt
        edit3.txt

no changes added to commit (use "git add" and/or "git commit -a")

sathyaa@HOME MINGW64 /c/git_work (master)
$ git add -A
warning: LF will be replaced by CRLF in README.md.
The file will have its original line endings in your working directory
warning: LF will be replaced by CRLF in edit2.txt.
The file will have its original line endings in your working directory
warning: LF will be replaced by CRLF in edit3.txt.
The file will have its original line endings in your working directory

sathyaa@HOME MINGW64 /c/git_work (master)
$ git status
On branch master
Changes to be committed:
  (use "git restore --staged <file>..." to unstage)
        modified:   README.md
        new file:   edit2.txt
        new file:   edit3.txt


sathyaa@HOME MINGW64 /c/git_work (master)
$ git commit -a -m "adding 3 files"
[master 5e6a104] adding 3 files
 3 files changed, 3 insertions(+)
 create mode 100644 edit2.txt
 create mode 100644 edit3.txt

sathyaa@HOME MINGW64 /c/git_work (master)
$ git log
commit 5e6a1040e6e1bc0b322a6c28ed14cabd4ac5db22 (HEAD -> master)
Author: sathyaa <sathya-1994@users.noreply.github.com>
Date:   Sun Dec 22 23:34:25 2019 +0530

    adding 3 files

commit a06c6ed508adbc78ce1df99e1b11bc0b910754c1
Author: sathyaa <sathya-1994@users.noreply.github.com>
Date:   Sun Dec 22 23:30:22 2019 +0530

    Edit1 adding to repo

commit 73f46bea6aa69c8808a5a8180e9126b3b3e98ed3 (origin/master)
Author: sathya-1994 <59145404+sathya-1994@users.noreply.github.com>
Date:   Sun Dec 22 22:56:14 2019 +0530

    Initial commit

sathyaa@HOME MINGW64 /c/git_work (master)
$ git branch firstbranch

sathyaa@HOME MINGW64 /c/git_work (master)
$ git checkout firstbranch
Switched to branch 'firstbranch'

sathyaa@HOME MINGW64 /c/git_work (firstbranch)
$ ls
edit1.txt  edit2.txt  edit3.txt  README.md

sathyaa@HOME MINGW64 /c/git_work (firstbranch)
$ git add edit4.txt

sathyaa@HOME MINGW64 /c/git_work (firstbranch)
$ git commit -m "Adding Edit4 to firstbranch"
[firstbranch 18941f0] Adding Edit4 to firstbranch
 1 file changed, 1 insertion(+)
 create mode 100644 edit4.txt

sathyaa@HOME MINGW64 /c/git_work (firstbranch)
$ ls
edit1.txt  edit2.txt  edit3.txt  edit4.txt  README.md

sathyaa@HOME MINGW64 /c/git_work (firstbranch)
$ git checkout master
Switched to branch 'master'

sathyaa@HOME MINGW64 /c/git_work (master)
$ ls
edit1.txt  edit2.txt  edit3.txt  README.md

sathyaa@HOME MINGW64 /c/git_work (master)
$ git merge firstbranch
Updating 5e6a104..18941f0
Fast-forward
 edit4.txt | 1 +
 1 file changed, 1 insertion(+)
 create mode 100644 edit4.txt

sathyaa@HOME MINGW64 /c/git_work (master)
$ ls
edit1.txt  edit2.txt  edit3.txt  edit4.txt  README.md

sathyaa@HOME MINGW64 /c/git_work (master)
$ git checkout firstbranch
Switched to branch 'firstbranch'

sathyaa@HOME MINGW64 /c/git_work (firstbranch)
$ git commit -m "Modifying edit4"
On branch firstbranch
Changes not staged for commit:
        modified:   edit4.txt

no changes added to commit

sathyaa@HOME MINGW64 /c/git_work (firstbranch)
$ git commit -a -m "Modifying edit4"
[firstbranch 9b62a35] Modifying edit4
 1 file changed, 1 insertion(+), 1 deletion(-)

sathyaa@HOME MINGW64 /c/git_work (firstbranch)
$ cat edit4.txt
it is edit4 document, Modified
sathyaa@HOME MINGW64 /c/git_work (firstbranch)
$ git checkout master
Switched to branch 'master'

sathyaa@HOME MINGW64 /c/git_work (master)
$ cat edit4.txt
it is edit4 document
sathyaa@HOME MINGW64 /c/git_work (master)
$ git checkout firstbranch
Switched to branch 'firstbranch'

sathyaa@HOME MINGW64 /c/git_work (firstbranch)
$ git status
On branch firstbranch
Untracked files:
  (use "git add <file>..." to include in what will be committed)
        edit5.txt
        edit6.txt
        edit7.txt

nothing added to commit but untracked files present (use "git add" to track)

sathyaa@HOME MINGW64 /c/git_work (firstbranch)
$ git add -A
warning: LF will be replaced by CRLF in edit5.txt.
The file will have its original line endings in your working directory
warning: LF will be replaced by CRLF in edit6.txt.
The file will have its original line endings in your working directory
warning: LF will be replaced by CRLF in edit7.txt.
The file will have its original line endings in your working directory

sathyaa@HOME MINGW64 /c/git_work (firstbranch)
$ git commit -m "Adding 3 new Files"
[firstbranch 41e85e2] Adding 3 new Files
 3 files changed, 3 insertions(+)
 create mode 100644 edit5.txt
 create mode 100644 edit6.txt
 create mode 100644 edit7.txt

sathyaa@HOME MINGW64 /c/git_work (firstbranch)
$ ls
edit1.txt  edit3.txt  edit5.txt  edit7.txt
edit2.txt  edit4.txt  edit6.txt  README.md

sathyaa@HOME MINGW64 /c/git_work (firstbranch)
$ git checkout master
Switched to branch 'master'

sathyaa@HOME MINGW64 /c/git_work (master)
$ git checkout firstbranch
Switched to branch 'firstbranch'

sathyaa@HOME MINGW64 /c/git_work (firstbranch)
$ git rabase master
git: 'rabase' is not a git command. See 'git --help'.

The most similar command is
        rebase

sathyaa@HOME MINGW64 /c/git_work (firstbranch)
$ git rebase master
Current branch firstbranch is up to date.

sathyaa@HOME MINGW64 /c/git_work (firstbranch)
$ git --help
usage: git [--version] [--help] [-C <path>] [-c <name>=<value>]
           [--exec-path[=<path>]] [--html-path] [--man-path] [--info-path]
           [-p | --paginate | -P | --no-pager] [--no-replace-objects] [--bare]
           [--git-dir=<path>] [--work-tree=<path>] [--namespace=<name>]
           <command> [<args>]

These are common Git commands used in various situations:

start a working area (see also: git help tutorial)
   clone     Clone a repository into a new directory
   init      Create an empty Git repository or reinitialize an existing one

work on the current change (see also: git help everyday)
   add       Add file contents to the index
   mv        Move or rename a file, a directory, or a symlink
   restore   Restore working tree files
   rm        Remove files from the working tree and from the index

examine the history and state (see also: git help revisions)
   bisect    Use binary search to find the commit that introduced a bug
   diff      Show changes between commits, commit and working tree, etc
   grep      Print lines matching a pattern
   log       Show commit logs
   show      Show various types of objects
   status    Show the working tree status

grow, mark and tweak your common history
   branch    List, create, or delete branches
   commit    Record changes to the repository
   merge     Join two or more development histories together
   rebase    Reapply commits on top of another base tip
   reset     Reset current HEAD to the specified state
   switch    Switch branches
   tag       Create, list, delete or verify a tag object signed with GPG

collaborate (see also: git help workflows)
   fetch     Download objects and refs from another repository
   pull      Fetch from and integrate with another repository or a local branch
   push      Update remote refs along with associated objects

'git help -a' and 'git help -g' list available subcommands and some
concept guides. See 'git help <command>' or 'git help <concept>'
to read about a specific subcommand or concept.
See 'git help git' for an overview of the system.

sathyaa@HOME MINGW64 /c/git_work (firstbranch)
$ git checkout master
Switched to branch 'master'

sathyaa@HOME MINGW64 /c/git_work (master)
$ git rebase firstbranch
First, rewinding head to replay your work on top of it...
Fast-forwarded master to firstbranch.

sathyaa@HOME MINGW64 /c/git_work (master)
$ ls
edit1.txt  edit3.txt  edit5.txt  edit7.txt
edit2.txt  edit4.txt  edit6.txt  README.md

sathyaa@HOME MINGW64 /c/git_work (master)
$ ssh-keygen
Generating public/private rsa key pair.
Enter file in which to save the key (/c/Users/sathyaa/.ssh/id_rsa):
Created directory '/c/Users/sathyaa/.ssh'.
Enter passphrase (empty for no passphrase):
Enter same passphrase again:
Your identification has been saved in /c/Users/sathyaa/.ssh/id_rsa.
Your public key has been saved in /c/Users/sathyaa/.ssh/id_rsa.pub.
The key fingerprint is:
SHA256:S83evho82jkPWDOP8Dr8ieD2FCawteaEzU0Z8KeF7ng sathyaa@HOME
The key's randomart image is:
+---[RSA 3072]----+
|      ...        |
|       . +       |
|    . . = o      |
|     B = *       |
|    o B S *      |
|     + * X *     |
|      +.E O o    |
|     ..+o=.B     |
|     ...=o*++.   |
+----[SHA256]-----+

sathyaa@HOME MINGW64 /c/git_work (master)
$ cat ^C

sathyaa@HOME MINGW64 /c/git_work (master)
$ /c/Users/sathyaa/.ssh/id_rsa.pub
/c/Users/sathyaa/.ssh/id_rsa.pub: line 1: ssh-rsa: command not found

sathyaa@HOME MINGW64 /c/git_work (master)
$ /c/Users/sathyaa/.ssh/id_rsa.pub.
bash: /c/Users/sathyaa/.ssh/id_rsa.pub.: No such file or directory

sathyaa@HOME MINGW64 /c/git_work (master)
$ cat ^M^C

sathyaa@HOME MINGW64 /c/git_work (master)
$ cat  /c/Users/sathyaa/.ssh/id_rsa.pub
ssh-rsa AAAAB3NzaC1yc2EAAAADAQABAAABgQC4G3l4/QHcOvaXMJlwwdvpfzksL9BGcRdyx2kEedfpzDNsr2mstDgp30k/R8k8gyqEBDRJvmHeF402W91Pt4J+wRNH3Qh6rBNzoKy9ehxV+Cbc+4U+QoCcZe45QOr6XWM7P9vxRadAL/E8hcoJD0HHEzfvXFvt5rXf1s2Hogpvq7gLSDsFlT+kPyJPDHYXtd1vgym0aSY7ZxmBhf0ku7Mfh8GigfO0PGfpoohwCM2bwgs2AP+CtgVji4Q0S7x98/CrUdxJLATw8AeWN8djc+kEKK4yVBjnemB5rQGwXmeS6IZhQBMRXLFVc2OMTlf3vQbhxKtiwocAMxJg75YRm66Yw46oTvYm1qzzlg8ZBQuva4UC6GVnzZfvLJ1YmbbqepckJPafOhe4A333Bjc54smWfMsvHGxaaXV2QZdRJpd7BVRLwHJx2YKQTBQoTUAKJS1vBBbF/9VD7SVHlMhBx1FCF2jwjXRqWHPRfeSGG0WQ+fg1Fvx28xp8YRilF8H2mZE= sathyaa@HOME

sathyaa@HOME MINGW64 /c/git_work (master)
$ ssh -T git@github.com
The authenticity of host 'github.com (13.234.210.38)' can't be established.
RSA key fingerprint is SHA256:nThbg6kXUpJWGl7E1IGOCspRomTxdCARLviKw6E5SY8.
Are you sure you want to continue connecting (yes/no/[fingerprint])? y
Please type 'yes', 'no' or the fingerprint: yes
Warning: Permanently added 'github.com,13.234.210.38' (RSA) to the list of known hosts.
Hi sathya-1994! You've successfully authenticated, but GitHub does not provide shell access.

sathyaa@HOME MINGW64 /c/git_work (master)
$ ssh -T git@github.com
Hi sathya-1994! You've successfully authenticated, but GitHub does not provide shell access.

sathyaa@HOME MINGW64 /c/git_work (master)
$ ssh -T git@github.com
Warning: Permanently added the RSA host key for IP address '13.234.176.102' to the list of known hosts.
Hi sathya-1994! You've successfully authenticated, but GitHub does not provide shell access.

sathyaa@HOME MINGW64 /c/git_work (master)
$ ^C

sathyaa@HOME MINGW64 /c/git_work (master)
$ ssh -T git@github.com
Hi sathya-1994! You've successfully authenticated, but GitHub does not provide shell access.

sathyaa@HOME MINGW64 /c/git_work (master)
$ git push
fatal: The current branch master has no upstream branch.
To push the current branch and set the remote as upstream, use

    git push --set-upstream origin master


sathyaa@HOME MINGW64 /c/git_work (master)
$ git push master
fatal: 'master' does not appear to be a git repository
fatal: Could not read from remote repository.

Please make sure you have the correct access rights
and the repository exists.

sathyaa@HOME MINGW64 /c/git_work (master)
$ git push origin
fatal: The current branch master has no upstream branch.
To push the current branch and set the remote as upstream, use

    git push --set-upstream origin master


sathyaa@HOME MINGW64 /c/git_work (master)
$ git checkout firstbranch
Switched to branch 'firstbranch'

sathyaa@HOME MINGW64 /c/git_work (firstbranch)
$ git push origin firstbranch


Enumerating objects: 21, done.
Counting objects: 100% (21/21), done.
Delta compression using up to 4 threads
Compressing objects: 100% (10/10), done.
Writing objects: 100% (19/19), 1.53 KiB | 71.00 KiB/s, done.
Total 19 (delta 3), reused 0 (delta 0)
remote: Resolving deltas: 100% (3/3), done.
remote:
remote: Create a pull request for 'firstbranch' on GitHub by visiting:
remote:      https://github.com/sathya-1994/myFirstRepository/pull/new/firstbranch
remote:
To https://github.com/sathya-1994/myFirstRepository.git
 * [new branch]      firstbranch -> firstbranch

sathyaa@HOME MINGW64 /c/git_work (firstbranch)
$

sathyaa@HOME MINGW64 /c/git_work (firstbranch)
$

sathyaa@HOME MINGW64 /c/git_work (firstbranch)
$ git checkout master
Switched to branch 'master'

sathyaa@HOME MINGW64 /c/git_work (master)
$ git push origin master
Total 0 (delta 0), reused 0 (delta 0)
To https://github.com/sathya-1994/myFirstRepository.git
   73f46be..41e85e2  master -> master

sathyaa@HOME MINGW64 /c/git_work (master)
$ git add revert.txt
fatal: pathspec 'revert.txt' did not match any files

sathyaa@HOME MINGW64 /c/git_work (master)
$ git ststus
git: 'ststus' is not a git command. See 'git --help'.

The most similar command is
        status

sathyaa@HOME MINGW64 /c/git_work (master)
$ git ststus
git: 'ststus' is not a git command. See 'git --help'.

The most similar command is
        status

sathyaa@HOME MINGW64 /c/git_work (master)
$ git status
On branch master
Untracked files:
  (use "git add <file>..." to include in what will be committed)
        rever.txt

nothing added to commit but untracked files present (use "git add" to track)

sathyaa@HOME MINGW64 /c/git_work (master)
$ git rever.txt
git: 'rever.txt' is not a git command. See 'git --help'.

sathyaa@HOME MINGW64 /c/git_work (master)
$ git add rever.txt

sathyaa@HOME MINGW64 /c/git_work (master)
$ git commit -m "revert 1"
[master 5b80d70] revert 1
 1 file changed, 1 insertion(+)
 create mode 100644 rever.txt

sathyaa@HOME MINGW64 /c/git_work (master)
$ cat rever.txt
Hello This is revert
sathyaa@HOME MINGW64 /c/git_work (master)
$ git commit -m "revert 1"
On branch master
Changes not staged for commit:
        modified:   rever.txt

no changes added to commit

sathyaa@HOME MINGW64 /c/git_work (master)
$ cat rever.txt
Hello This is revert??????????HIIIIIIIIIII
sathyaa@HOME MINGW64 /c/git_work (master)
$ git commit -m "revert 2"
On branch master
Changes not staged for commit:
        modified:   rever.txt

no changes added to commit

sathyaa@HOME MINGW64 /c/git_work (master)
$ git log
commit 5b80d7097b3410372efeec2e2e64536f3ae09dfc (HEAD -> master)
Author: sathyaa <sathya-1994@users.noreply.github.com>
Date:   Mon Dec 23 00:16:33 2019 +0530

    revert 1

commit 41e85e28b1d04adcee14203d685fe2f445a8df90 (origin/master, origin/firstbranch, firstbranch)
Author: sathyaa <sathya-1994@users.noreply.github.com>
Date:   Sun Dec 22 23:47:09 2019 +0530

    Adding 3 new Files

commit 9b62a35c4ca72930e86ad16539571ff80f683bd2
Author: sathyaa <sathya-1994@users.noreply.github.com>
Date:   Sun Dec 22 23:42:56 2019 +0530

    Modifying edit4

commit 18941f00ef6afdd65015c71113dd82a1c24d2eb3
commit 5b80d7097b3410372efeec2e2e64536f3ae09dfc (HEAD -> master)
commit 5b80d7097b3410372efeec2e2e64536f3ae09dfc (HEAD -> master)
Author: sathyaa <sathya-1994@users.noreply.github.com>
Date:   Mon Dec 23 00:16:33 2019 +0530

    revert 1

commit 41e85e28b1d04adcee14203d685fe2f445a8df90 (origin/master, origin/firstbranch, firstbranch)
Author: sathyaa <sathya-1994@users.noreply.github.com>
Date:   Sun Dec 22 23:47:09 2019 +0530

    Adding 3 new Files

commit 9b62a35c4ca72930e86ad16539571ff80f683bd2
Author: sathyaa <sathya-1994@users.noreply.github.com>
Date:   Sun Dec 22 23:42:56 2019 +0530

    Modifying edit4
commit 5b80d7097b3410372efeec2e2e64536f3ae09dfc (HEAD -> master)
Author: sathyaa <sathya-1994@users.noreply.github.com>
Date:   Mon Dec 23 00:16:33 2019 +0530

    revert 1

commit 41e85e28b1d04adcee14203d685fe2f445a8df90 (origin/master, origin/firstbranch, firstbranch)
Author: sathyaa <sathya-1994@users.noreply.github.com>
Date:   Sun Dec 22 23:47:09 2019 +0530

    Adding 3 new Files

commit 9b62a35c4ca72930e86ad16539571ff80f683bd2
Author: sathyaa <sathya-1994@users.noreply.github.com>
Date:   Sun Dec 22 23:42:56 2019 +0530
Author: sathyaa <sathya-1994@users.noreply.github.com>
Date:   Sun Dec 22 23:42:56 2019 +0530

    Modifying edit4
commit 5b80d7097b3410372efeec2e2e64536f3ae09dfc (HEAD -> master)
Author: sathyaa <sathya-1994@users.noreply.github.com>
Date:   Mon Dec 23 00:16:33 2019 +0530

    revert 1

commit 41e85e28b1d04adcee14203d685fe2f445a8df90 (origin/master, origin/firstbranch, firstbranch)
Author: sathyaa <sathya-1994@users.noreply.github.com>
Date:   Sun Dec 22 23:47:09 2019 +0530

    Adding 3 new Files

commit 9b62a35c4ca72930e86ad16539571ff80f683bd2
Author: sathyaa <sathya-1994@users.noreply.github.com>
Date:   Sun Dec 22 23:42:56 2019 +0530

    Modifying edit4

commit 18941f00ef6afdd65015c71113dd82a1c24d2eb3
Author: sathyaa <sathya-1994@users.noreply.github.com>
Date:   Sun Dec 22 23:39:11 2019 +0530

    Adding Edit4 to firstbranch

commit 5e6a1040e6e1bc0b322a6c28ed14cabd4ac5db22
...skipping...
Author: sathyaa <sathya-1994@users.noreply.github.com>
Date:   Mon Dec 23 00:16:33 2019 +0530

    revert 1

commit 41e85e28b1d04adcee14203d685fe2f445a8df90 (origin/master, origin/firstbranch, firstbranch)
Author: sathyaa <sathya-1994@users.noreply.github.com>
Date:   Sun Dec 22 23:47:09 2019 +0530

    Adding 3 new Files

commit 9b62a35c4ca72930e86ad16539571ff80f683bd2
Author: sathyaa <sathya-1994@users.noreply.github.com>
Date:   Sun Dec 22 23:42:56 2019 +0530

    Modifying edit4

commit 18941f00ef6afdd65015c71113dd82a1c24d2eb3
Author: sathyaa <sathya-1994@users.noreply.github.com>
Date:   Sun Dec 22 23:39:11 2019 +0530

    Adding Edit4 to firstbranch

commit 5e6a1040e6e1bc0b322a6c28ed14cabd4ac5db22
...skipping...
Author: sathyaa <sathya-1994@users.noreply.github.com>
Date:   Mon Dec 23 00:16:33 2019 +0530

    revert 1

commit 41e85e28b1d04adcee14203d685fe2f445a8df90 (origin/master, origin/firstbranch, firstbranch)
Author: sathyaa <sathya-1994@users.noreply.github.com>
Date:   Sun Dec 22 23:47:09 2019 +0530

    Adding 3 new Files

commit 9b62a35c4ca72930e86ad16539571ff80f683bd2
Author: sathyaa <sathya-1994@users.noreply.github.com>
Date:   Sun Dec 22 23:42:56 2019 +0530

    Modifying edit4

commit 18941f00ef6afdd65015c71113dd82a1c24d2eb3
Author: sathyaa <sathya-1994@users.noreply.github.com>
Date:   Sun Dec 22 23:39:11 2019 +0530

    Adding Edit4 to firstbranch

commit 5e6a1040e6e1bc0b322a6c28ed14cabd4ac5db22
...skipping...
Author: sathyaa <sathya-1994@users.noreply.github.com>
Author: sathyaa <sathya-1994@users.noreply.github.com>
Date:   Mon Dec 23 00:16:33 2019 +0530

    revert 1

commit 41e85e28b1d04adcee14203d685fe2f445a8df90 (origin/master, origin/firstbranch, firstbranch)
Author: sathyaa <sathya-1994@users.noreply.github.com>
Date:   Sun Dec 22 23:47:09 2019 +0530

    Adding 3 new Files

commit 9b62a35c4ca72930e86ad16539571ff80f683bd2
Author: sathyaa <sathya-1994@users.noreply.github.com>
Date:   Sun Dec 22 23:42:56 2019 +0530

    Modifying edit4
commit 5b80d7097b3410372efeec2e2e64536f3ae09dfc (HEAD -> master)
Author: sathyaa <sathya-1994@users.noreply.github.com>
Date:   Mon Dec 23 00:16:33 2019 +0530

    revert 1

commit 41e85e28b1d04adcee14203d685fe2f445a8df90 (origin/master, origin/firstbranch, firstbranch)
Author: sathyaa <sathya-1994@users.noreply.github.com>
Date:   Sun Dec 22 23:47:09 2019 +0530

    Adding 3 new Files

commit 9b62a35c4ca72930e86ad16539571ff80f683bd2
Author: sathyaa <sathya-1994@users.noreply.github.com>
Date:   Sun Dec 22 23:42:56 2019 +0530

    Modifying edit4
commit 5b80d7097b3410372efeec2e2e64536f3ae09dfc (HEAD -> master)
Author: sathyaa <sathya-1994@users.noreply.github.com>
Date:   Mon Dec 23 00:16:33 2019 +0530

    revert 1

commit 41e85e28b1d04adcee14203d685fe2f445a8df90 (origin/master, origin/firstbranch, firstbranch)
Author: sathyaa <sathya-1994@users.noreply.github.com>
Date:   Sun Dec 22 23:47:09 2019 +0530

    Adding 3 new Files

commit 9b62a35c4ca72930e86ad16539571ff80f683bd2
Author: sathyaa <sathya-1994@users.noreply.github.com>
Date:   Sun Dec 22 23:42:56 2019 +0530

    Modifying edit4

commit 18941f00ef6afdd65015c71113dd82a1c24d2eb3
Author: sathyaa <sathya-1994@users.noreply.github.com>
Date:   Sun Dec 22 23:39:11 2019 +0530

    Adding Edit4 to firstbranch

commit 5e6a1040e6e1bc0b322a6c28ed14cabd4ac5db22
Author: sathyaa <sathya-1994@users.noreply.github.com>
Date:   Sun Dec 22 23:34:25 2019 +0530

    adding 3 files

:
